[     111ms] [LOG] [Fast Refresh] rebuilding @ http://localhost:3000/Portfolio-bts/_next/static/chunks/0-5p_next_dist_0.81.8b._.js:2431
[     216ms] [LOG] [Fast Refresh] done in 209ms @ http://localhost:3000/Portfolio-bts/_next/static/chunks/0-5p_next_dist_0.81.8b._.js:2431
[     263ms] [INFO] %cDownload the React DevTools for a better development experience: https://react.dev/link/react-devtools font-weight:bold @ http://localhost:3000/Portfolio-bts/_next/static/chunks/0-5p_next_dist_0.81.8b._.js:2431
[     274ms] [LOG] [HMR] connected @ http://localhost:3000/Portfolio-bts/_next/static/chunks/0-5p_next_dist_0.81.8b._.js:2431
[   10091ms] [LOG] [Fast Refresh] rebuilding @ http://localhost:3000/Portfolio-bts/_next/static/chunks/0-5p_next_dist_0.81.8b._.js:2431
[   10097ms] [LOG] [Fast Refresh] done in 110ms @ http://localhost:3000/Portfolio-bts/_next/static/chunks/0-5p_next_dist_0.81.8b._.js:2431
[   12621ms] [ERROR] %c%s%c Each child in a list should have a unique "key" prop.%s%s See https://react.dev/link/warning-keys for more information. background: #e6e6e6;background: light-dark(rgba(0,0,0,0.1), rgba(255,255,255,0.25));color: #000000;color: light-dark(#000000, #ffffff);border-radius: 2px  Server     @ http://localhost:3000/Portfolio-bts/_next/static/chunks/0-5p_next_dist_0.81.8b._.js:3272
[   14143ms] [LOG] [Fast Refresh] rebuilding @ http://localhost:3000/Portfolio-bts/_next/static/chunks/0-5p_next_dist_0.81.8b._.js:2431
[   14211ms] [LOG] [Fast Refresh] done in 170ms @ http://localhost:3000/Portfolio-bts/_next/static/chunks/0-5p_next_dist_0.81.8b._.js:2431
[   87020ms] [LOG] [Fast Refresh] rebuilding @ http://localhost:3000/Portfolio-bts/_next/static/chunks/0-5p_next_dist_0.81.8b._.js:2431
[   87036ms] [LOG] [Fast Refresh] done in 123ms @ http://localhost:3000/Portfolio-bts/_next/static/chunks/0-5p_next_dist_0.81.8b._.js:2431
[  932803ms] [LOG] [Fast Refresh] rebuilding @ http://localhost:3000/Portfolio-bts/_next/static/chunks/0-5p_next_dist_0.81.8b._.js:2431
[  932934ms] [LOG] [Fast Refresh] done in 191ms @ http://localhost:3000/Portfolio-bts/_next/static/chunks/0-5p_next_dist_0.81.8b._.js:2431
[  959733ms] [LOG] [Fast Refresh] rebuilding @ http://localhost:3000/Portfolio-bts/_next/static/chunks/0-5p_next_dist_0.81.8b._.js:2431
[  959816ms] [LOG] [Fast Refresh] done in 126ms @ http://localhost:3000/Portfolio-bts/_next/static/chunks/0-5p_next_dist_0.81.8b._.js:2431
[  970705ms] [LOG] [Fast Refresh] rebuilding @ http://localhost:3000/Portfolio-bts/_next/static/chunks/0-5p_next_dist_0.81.8b._.js:2431
[  970944ms] [LOG] [Fast Refresh] done in 162ms @ http://localhost:3000/Portfolio-bts/_next/static/chunks/0-5p_next_dist_0.81.8b._.js:2431
[  981880ms] [LOG] [Fast Refresh] rebuilding @ http://localhost:3000/Portfolio-bts/_next/static/chunks/0-5p_next_dist_0.81.8b._.js:2431
[  981948ms] [LOG] [Fast Refresh] done in 110ms @ http://localhost:3000/Portfolio-bts/_next/static/chunks/0-5p_next_dist_0.81.8b._.js:2431
[  999564ms] [LOG] [Fast Refresh] rebuilding @ http://localhost:3000/Portfolio-bts/_next/static/chunks/0-5p_next_dist_0.81.8b._.js:2431
[  999642ms] [LOG] [Fast Refresh] done in 155ms @ http://localhost:3000/Portfolio-bts/_next/static/chunks/0-5p_next_dist_0.81.8b._.js:2431
[ 1012433ms] [LOG] [Fast Refresh] rebuilding @ http://localhost:3000/Portfolio-bts/_next/static/chunks/0-5p_next_dist_0.81.8b._.js:2431
[ 1012512ms] [LOG] [Fast Refresh] done in 116ms @ http://localhost:3000/Portfolio-bts/_next/static/chunks/0-5p_next_dist_0.81.8b._.js:2431
[ 1016415ms] [LOG] [Fast Refresh] rebuilding @ http://localhost:3000/Portfolio-bts/_next/static/chunks/0-5p_next_dist_0.81.8b._.js:2431
[ 1016485ms] [LOG] [Fast Refresh] done in 59ms @ http://localhost:3000/Portfolio-bts/_next/static/chunks/0-5p_next_dist_0.81.8b._.js:2431
[ 1020981ms] [LOG] [Fast Refresh] rebuilding @ http://localhost:3000/Portfolio-bts/_next/static/chunks/0-5p_next_dist_0.81.8b._.js:2431
[ 1021045ms] [LOG] [Fast Refresh] done in 76ms @ http://localhost:3000/Portfolio-bts/_next/static/chunks/0-5p_next_dist_0.81.8b._.js:2431
[52075340ms] [ERROR] WebSocket connection to 'ws://localhost:3000/Portfolio-bts/_next/webpack-hmr?id=44F3Wujz0L7HJOD6YBpFA' failed: Error in connection establishment: net::ERR_NETWORK_IO_SUSPENDED @ http://localhost:3000/Portfolio-bts/_next/static/chunks/0-5p_next_dist_client_0zvreow._.js:13307
[52076403ms] [LOG] [HMR] connected @ http://localhost:3000/Portfolio-bts/_next/static/chunks/0-5p_next_dist_0.81.8b._.js:2431
[52076533ms] [LOG] [Fast Refresh] rebuilding @ http://localhost:3000/Portfolio-bts/_next/static/chunks/0-5p_next_dist_0.81.8b._.js:2431
[52076686ms] [LOG] [Fast Refresh] done in 263ms @ http://localhost:3000/Portfolio-bts/_next/static/chunks/0-5p_next_dist_0.81.8b._.js:2431
[52076906ms] [LOG] [Fast Refresh] rebuilding @ http://localhost:3000/Portfolio-bts/_next/static/chunks/0-5p_next_dist_0.81.8b._.js:2431
[52076913ms] [LOG] [Fast Refresh] done in 119ms @ http://localhost:3000/Portfolio-bts/_next/static/chunks/0-5p_next_dist_0.81.8b._.js:2431
